// Jest Snapshot v1, https://goo.gl/fbAQLP

exports[`GraphQL Upload should forward file uploads correctly: uploadFile 1`] = `
{
  "data": {
    "uploadFile": {
      "name": "file.txt",
      "text": "test file but not image",
      "type": "text/plain",
    },
  },
}
`;
